%!Adobe-FontList 1.14
%Locale:0x412

%BeginFont
Handler:DirectoryHandler
FontType:TrueType
FontName:Jua-Regular
FamilyName:Jua
StyleName:Regular
FullName:Jua Regular
MenuName:Jua
StyleBits:0
FamilyNameNative:
StyleNameNative:Regular
FullNameNative:
WritingScript:Korean
OutlineFileName:D:\우현주\반응형\썬소프트\Font\Jua-Regular.ttf
DataFormat:sfntData
FileLength:2101520
FileModTime:1519398000
WeightClass:400
WidthClass:5
AngleClass:0
%EndFont

%BeginFont
Handler:DirectoryHandler
FontType:TrueType
FontName:NanumGothicBold
FamilyName:NanumGothic
StyleName:Bold
FullName:NanumGothicBold
MenuName:NanumGothic
StyleBits:2
FamilyNameNative:
StyleNameNative:Bold
FullNameNative:
WritingScript:Korean
OutlineFileName:D:\우현주\반응형\썬소프트\Font\NanumGothic-Bold.ttf
DataFormat:sfntData
FileLength:4004184
FileModTime:1517756400
WeightClass:600
WidthClass:5
AngleClass:0
%EndFont

%BeginFont
Handler:DirectoryHandler
FontType:TrueType
FontName:NanumGothicExtraBold
FamilyName:NanumGothic
StyleName:ExtraBold
FullName:NanumGothicExtraBold
MenuName:NanumGothicExtraBold
StyleBits:0
FamilyNameNative:
StyleNameNative:ExtraBold
FullNameNative:
WritingScript:Korean
OutlineFileName:D:\우현주\반응형\썬소프트\Font\NanumGothic-ExtraBold.ttf
DataFormat:sfntData
FileLength:3883296
FileModTime:1517756400
WeightClass:700
WidthClass:5
AngleClass:0
%EndFont

%BeginFont
Handler:DirectoryHandler
FontType:TrueType
FontName:NanumGothic
FamilyName:NanumGothic
StyleName:Regular
FullName:NanumGothic
MenuName:NanumGothic
StyleBits:0
FamilyNameNative:
StyleNameNative:Regular
FullNameNative:
WritingScript:Korean
OutlineFileName:D:\우현주\반응형\썬소프트\Font\NanumGothic-Regular.ttf
DataFormat:sfntData
FileLength:4091796
FileModTime:1517756400
WeightClass:400
WidthClass:5
AngleClass:0
%EndFont

%BeginFont
Handler:DirectoryHandler
FontType:CID
FontName:NotoSansCJKkr-Regular
FamilyName:Noto Sans CJK KR
StyleName:Regular
FullName:Noto Sans CJK KR Regular
MenuName:Noto Sans CJK KR Regular
StyleBits:0
FamilyNameNative:
StyleNameNative:Regular
FullNameNative:
WritingScript:Korean
OutlineFileName:D:\우현주\반응형\썬소프트\Font\NotoSansCJKkr-Regular.otf
DataFormat:sfntData
isCFF:yes
FileLength:16457008
FileModTime:1550732188
WeightClass:400
WidthClass:5
AngleClass:0
%EndFont

%BeginFont
Handler:DirectoryHandler
FontType:Invalid
OutlineFileName:D:\우현주\반응형\썬소프트\Font\OFL.txt
FileModTime:1519398000
%EndFont

%BeginFont
Handler:DirectoryHandler
FontType:Invalid
OutlineFileName:D:\우현주\반응형\썬소프트\Font\fontawesome\LICENSE.txt
FileModTime:1594799988
%EndFont

%BeginFont
Handler:DirectoryHandler
FontType:Invalid
OutlineFileName:D:\우현주\반응형\썬소프트\Font\fontawesome\webfonts\fa-brands-400.eot
FileModTime:1594799988
%EndFont

%BeginFont
Handler:DirectoryHandler
FontType:Invalid
OutlineFileName:D:\우현주\반응형\썬소프트\Font\fontawesome\webfonts\fa-brands-400.svg
FileModTime:1594799988
%EndFont

%BeginFont
Handler:DirectoryHandler
FontType:TrueType
FontName:FontAwesome5Brands-Regular
FamilyName:Font Awesome 5 Brands
StyleName:Regular
FullName:Font Awesome 5 Brands Regular
MenuName:Font Awesome 5 Brands Regular
StyleBits:0
WritingScript:Roman
OutlineFileName:D:\우현주\반응형\썬소프트\Font\fontawesome\webfonts\fa-brands-400.ttf
DataFormat:sfntData
FileLength:134316
FileModTime:1594799988
WeightClass:400
WidthClass:5
AngleClass:0
%EndFont

%BeginFont
Handler:DirectoryHandler
FontType:Invalid
OutlineFileName:D:\우현주\반응형\썬소프트\Font\fontawesome\webfonts\fa-brands-400.woff
FileModTime:1594799988
%EndFont

%BeginFont
Handler:DirectoryHandler
FontType:Invalid
OutlineFileName:D:\우현주\반응형\썬소프트\Font\fontawesome\webfonts\fa-brands-400.woff2
FileModTime:1594799988
%EndFont

%BeginFont
Handler:DirectoryHandler
FontType:Invalid
OutlineFileName:D:\우현주\반응형\썬소프트\Font\fontawesome\webfonts\fa-regular-400.eot
FileModTime:1594799988
%EndFont

%BeginFont
Handler:DirectoryHandler
FontType:Invalid
OutlineFileName:D:\우현주\반응형\썬소프트\Font\fontawesome\webfonts\fa-regular-400.svg
FileModTime:1594799988
%EndFont

%BeginFont
Handler:DirectoryHandler
FontType:TrueType
FontName:FontAwesome5Free-Regular
FamilyName:Font Awesome 5 Free
StyleName:Regular
FullName:Font Awesome 5 Free Regular
MenuName:Font Awesome 5 Free Regular
StyleBits:0
WritingScript:Roman
OutlineFileName:D:\우현주\반응형\썬소프트\Font\fontawesome\webfonts\fa-regular-400.ttf
DataFormat:sfntData
FileLength:34052
FileModTime:1594799988
WeightClass:400
WidthClass:5
AngleClass:0
%EndFont

%BeginFont
Handler:DirectoryHandler
FontType:Invalid
OutlineFileName:D:\우현주\반응형\썬소프트\Font\fontawesome\webfonts\fa-regular-400.woff
FileModTime:1594799988
%EndFont

%BeginFont
Handler:DirectoryHandler
FontType:Invalid
OutlineFileName:D:\우현주\반응형\썬소프트\Font\fontawesome\webfonts\fa-regular-400.woff2
FileModTime:1594799988
%EndFont

%BeginFont
Handler:DirectoryHandler
FontType:Invalid
OutlineFileName:D:\우현주\반응형\썬소프트\Font\fontawesome\webfonts\fa-solid-900.eot
FileModTime:1594799988
%EndFont

%BeginFont
Handler:DirectoryHandler
FontType:Invalid
OutlineFileName:D:\우현주\반응형\썬소프트\Font\fontawesome\webfonts\fa-solid-900.svg
FileModTime:1594799988
%EndFont

%BeginFont
Handler:DirectoryHandler
FontType:TrueType
FontName:FontAwesome5Free-Solid
FamilyName:Font Awesome 5 Free
StyleName:Solid
FullName:Font Awesome 5 Free Solid
MenuName:Font Awesome 5 Free Solid
StyleBits:0
WritingScript:Roman
OutlineFileName:D:\우현주\반응형\썬소프트\Font\fontawesome\webfonts\fa-solid-900.ttf
DataFormat:sfntData
FileLength:203980
FileModTime:1594799988
WeightClass:900
WidthClass:5
AngleClass:0
%EndFont

%BeginFont
Handler:DirectoryHandler
FontType:Invalid
OutlineFileName:D:\우현주\반응형\썬소프트\Font\fontawesome\webfonts\fa-solid-900.woff
FileModTime:1594799988
%EndFont

%BeginFont
Handler:DirectoryHandler
FontType:Invalid
OutlineFileName:D:\우현주\반응형\썬소프트\Font\fontawesome\webfonts\fa-solid-900.woff2
FileModTime:1594799988
%EndFont

%BeginFont
Handler:DirectoryHandler
FontType:Invalid
OutlineFileName:D:\우현주\반응형\썬소프트\Font\fontawesome\sprites\brands.svg
FileModTime:1594799988
%EndFont

%BeginFont
Handler:DirectoryHandler
FontType:Invalid
OutlineFileName:D:\우현주\반응형\썬소프트\Font\fontawesome\sprites\regular.svg
FileModTime:1594799988
%EndFont

%BeginFont
Handler:DirectoryHandler
FontType:Invalid
OutlineFileName:D:\우현주\반응형\썬소프트\Font\fontawesome\sprites\solid.svg
FileModTime:1594799988
%EndFont

%BeginFont
Handler:DirectoryHandler
FontType:Invalid
OutlineFileName:D:\우현주\반응형\썬소프트\Font\fontawesome\scss\brands.scss
FileModTime:1594799988
%EndFont

%BeginFont
Handler:DirectoryHandler
FontType:Invalid
OutlineFileName:D:\우현주\반응형\썬소프트\Font\fontawesome\scss\fontawesome.scss
FileModTime:1594799988
%EndFont

%BeginFont
Handler:DirectoryHandler
FontType:Invalid
OutlineFileName:D:\우현주\반응형\썬소프트\Font\fontawesome\scss\regular.scss
FileModTime:1594799988
%EndFont

%BeginFont
Handler:DirectoryHandler
FontType:Invalid
OutlineFileName:D:\우현주\반응형\썬소프트\Font\fontawesome\scss\solid.scss
FileModTime:1594799988
%EndFont

%BeginFont
Handler:DirectoryHandler
FontType:Invalid
OutlineFileName:D:\우현주\반응형\썬소프트\Font\fontawesome\scss\v4-shims.scss
FileModTime:1594799988
%EndFont

%BeginFont
Handler:DirectoryHandler
FontType:Invalid
OutlineFileName:D:\우현주\반응형\썬소프트\Font\fontawesome\scss\_animated.scss
FileModTime:1594799988
%EndFont

%BeginFont
Handler:DirectoryHandler
FontType:Invalid
OutlineFileName:D:\우현주\반응형\썬소프트\Font\fontawesome\scss\_bordered-pulled.scss
FileModTime:1594799988
%EndFont

%BeginFont
Handler:DirectoryHandler
FontType:Invalid
OutlineFileName:D:\우현주\반응형\썬소프트\Font\fontawesome\scss\_core.scss
FileModTime:1594799988
%EndFont

%BeginFont
Handler:DirectoryHandler
FontType:Invalid
OutlineFileName:D:\우현주\반응형\썬소프트\Font\fontawesome\scss\_fixed-width.scss
FileModTime:1594799988
%EndFont

%BeginFont
Handler:DirectoryHandler
FontType:Invalid
OutlineFileName:D:\우현주\반응형\썬소프트\Font\fontawesome\scss\_icons.scss
FileModTime:1594799988
%EndFont

%BeginFont
Handler:DirectoryHandler
FontType:Invalid
OutlineFileName:D:\우현주\반응형\썬소프트\Font\fontawesome\scss\_larger.scss
FileModTime:1594799988
%EndFont

%BeginFont
Handler:DirectoryHandler
FontType:Invalid
OutlineFileName:D:\우현주\반응형\썬소프트\Font\fontawesome\scss\_list.scss
FileModTime:1594799988
%EndFont

%BeginFont
Handler:DirectoryHandler
FontType:Invalid
OutlineFileName:D:\우현주\반응형\썬소프트\Font\fontawesome\scss\_mixins.scss
FileModTime:1594799988
%EndFont

%BeginFont
Handler:DirectoryHandler
FontType:Invalid
OutlineFileName:D:\우현주\반응형\썬소프트\Font\fontawesome\scss\_rotated-flipped.scss
FileModTime:1594799988
%EndFont

%BeginFont
Handler:DirectoryHandler
FontType:Invalid
OutlineFileName:D:\우현주\반응형\썬소프트\Font\fontawesome\scss\_screen-reader.scss
FileModTime:1594799988
%EndFont

%BeginFont
Handler:DirectoryHandler
FontType:Invalid
OutlineFileName:D:\우현주\반응형\썬소프트\Font\fontawesome\scss\_shims.scss
FileModTime:1594799988
%EndFont

%BeginFont
Handler:DirectoryHandler
FontType:Invalid
OutlineFileName:D:\우현주\반응형\썬소프트\Font\fontawesome\scss\_stacked.scss
FileModTime:1594799988
%EndFont

%BeginFont
Handler:DirectoryHandler
FontType:Invalid
OutlineFileName:D:\우현주\반응형\썬소프트\Font\fontawesome\scss\_variables.scss
FileModTime:1594799988
%EndFont

%BeginFont
Handler:DirectoryHandler
FontType:Invalid
OutlineFileName:D:\우현주\반응형\썬소프트\Font\fontawesome\metadata\categories.yml
FileModTime:1594799988
%EndFont

%BeginFont
Handler:DirectoryHandler
FontType:Invalid
OutlineFileName:D:\우현주\반응형\썬소프트\Font\fontawesome\metadata\icons.json
FileModTime:1594799988
%EndFont

%BeginFont
Handler:DirectoryHandler
FontType:Invalid
OutlineFileName:D:\우현주\반응형\썬소프트\Font\fontawesome\metadata\icons.yml
FileModTime:1594799988
%EndFont

%BeginFont
Handler:DirectoryHandler
FontType:Invalid
OutlineFileName:D:\우현주\반응형\썬소프트\Font\fontawesome\metadata\shims.json
FileModTime:1594799988
%EndFont

%BeginFont
Handler:DirectoryHandler
FontType:Invalid
OutlineFileName:D:\우현주\반응형\썬소프트\Font\fontawesome\metadata\shims.yml
FileModTime:1594799988
%EndFont

%BeginFont
Handler:DirectoryHandler
FontType:Invalid
OutlineFileName:D:\우현주\반응형\썬소프트\Font\fontawesome\metadata\sponsors.yml
FileModTime:1594799988
%EndFont

%BeginFont
Handler:DirectoryHandler
FontType:Invalid
OutlineFileName:D:\우현주\반응형\썬소프트\Font\fontawesome\less\brands.less
FileModTime:1594799988
%EndFont

%BeginFont
Handler:DirectoryHandler
FontType:Invalid
OutlineFileName:D:\우현주\반응형\썬소프트\Font\fontawesome\less\fontawesome.less
FileModTime:1594799988
%EndFont

%BeginFont
Handler:DirectoryHandler
FontType:Invalid
OutlineFileName:D:\우현주\반응형\썬소프트\Font\fontawesome\less\regular.less
FileModTime:1594799988
%EndFont

%BeginFont
Handler:DirectoryHandler
FontType:Invalid
OutlineFileName:D:\우현주\반응형\썬소프트\Font\fontawesome\less\solid.less
FileModTime:1594799988
%EndFont

%BeginFont
Handler:DirectoryHandler
FontType:Invalid
OutlineFileName:D:\우현주\반응형\썬소프트\Font\fontawesome\less\v4-shims.less
FileModTime:1594799988
%EndFont

%BeginFont
Handler:DirectoryHandler
FontType:Invalid
OutlineFileName:D:\우현주\반응형\썬소프트\Font\fontawesome\less\_animated.less
FileModTime:1594799988
%EndFont

%BeginFont
Handler:DirectoryHandler
FontType:Invalid
OutlineFileName:D:\우현주\반응형\썬소프트\Font\fontawesome\less\_bordered-pulled.less
FileModTime:1594799988
%EndFont

%BeginFont
Handler:DirectoryHandler
FontType:Invalid
OutlineFileName:D:\우현주\반응형\썬소프트\Font\fontawesome\less\_core.less
FileModTime:1594799988
%EndFont

%BeginFont
Handler:DirectoryHandler
FontType:Invalid
OutlineFileName:D:\우현주\반응형\썬소프트\Font\fontawesome\less\_fixed-width.less
FileModTime:1594799988
%EndFont

%BeginFont
Handler:DirectoryHandler
FontType:Invalid
OutlineFileName:D:\우현주\반응형\썬소프트\Font\fontawesome\less\_icons.less
FileModTime:1594799988
%EndFont

%BeginFont
Handler:DirectoryHandler
FontType:Invalid
OutlineFileName:D:\우현주\반응형\썬소프트\Font\fontawesome\less\_larger.less
FileModTime:1594799988
%EndFont

%BeginFont
Handler:DirectoryHandler
FontType:Invalid
OutlineFileName:D:\우현주\반응형\썬소프트\Font\fontawesome\less\_list.less
FileModTime:1594799988
%EndFont

%BeginFont
Handler:DirectoryHandler
FontType:Invalid
OutlineFileName:D:\우현주\반응형\썬소프트\Font\fontawesome\less\_mixins.less
FileModTime:1594799988
%EndFont

%BeginFont
Handler:DirectoryHandler
FontType:Invalid
OutlineFileName:D:\우현주\반응형\썬소프트\Font\fontawesome\less\_rotated-flipped.less
FileModTime:1594799988
%EndFont

%BeginFont
Handler:DirectoryHandler
FontType:Invalid
OutlineFileName:D:\우현주\반응형\썬소프트\Font\fontawesome\less\_screen-reader.less
FileModTime:1594799988
%EndFont

%BeginFont
Handler:DirectoryHandler
FontType:Invalid
OutlineFileName:D:\우현주\반응형\썬소프트\Font\fontawesome\less\_shims.less
FileModTime:1594799988
%EndFont

%BeginFont
Handler:DirectoryHandler
FontType:Invalid
OutlineFileName:D:\우현주\반응형\썬소프트\Font\fontawesome\less\_stacked.less
FileModTime:1594799988
%EndFont

%BeginFont
Handler:DirectoryHandler
FontType:Invalid
OutlineFileName:D:\우현주\반응형\썬소프트\Font\fontawesome\less\_variables.less
FileModTime:1594799988
%EndFont

%BeginFont
Handler:DirectoryHandler
FontType:Invalid
OutlineFileName:D:\우현주\반응형\썬소프트\Font\fontawesome\js\all.js
FileModTime:1594799988
%EndFont

%BeginFont
Handler:DirectoryHandler
FontType:Invalid
OutlineFileName:D:\우현주\반응형\썬소프트\Font\fontawesome\js\all.min.js
FileModTime:1594799988
%EndFont

%BeginFont
Handler:DirectoryHandler
FontType:Invalid
OutlineFileName:D:\우현주\반응형\썬소프트\Font\fontawesome\js\brands.js
FileModTime:1594799988
%EndFont

%BeginFont
Handler:DirectoryHandler
FontType:Invalid
OutlineFileName:D:\우현주\반응형\썬소프트\Font\fontawesome\js\brands.min.js
FileModTime:1594799988
%EndFont

%BeginFont
Handler:DirectoryHandler
FontType:Invalid
OutlineFileName:D:\우현주\반응형\썬소프트\Font\fontawesome\js\conflict-detection.js
FileModTime:1594799988
%EndFont

%BeginFont
Handler:DirectoryHandler
FontType:Invalid
OutlineFileName:D:\우현주\반응형\썬소프트\Font\fontawesome\js\conflict-detection.min.js
FileModTime:1594799988
%EndFont

%BeginFont
Handler:DirectoryHandler
FontType:Invalid
OutlineFileName:D:\우현주\반응형\썬소프트\Font\fontawesome\js\fontawesome.js
FileModTime:1594799988
%EndFont

%BeginFont
Handler:DirectoryHandler
FontType:Invalid
OutlineFileName:D:\우현주\반응형\썬소프트\Font\fontawesome\js\fontawesome.min.js
FileModTime:1594799988
%EndFont

%BeginFont
Handler:DirectoryHandler
FontType:Invalid
OutlineFileName:D:\우현주\반응형\썬소프트\Font\fontawesome\js\regular.js
FileModTime:1594799988
%EndFont

%BeginFont
Handler:DirectoryHandler
FontType:Invalid
OutlineFileName:D:\우현주\반응형\썬소프트\Font\fontawesome\js\regular.min.js
FileModTime:1594799988
%EndFont

%BeginFont
Handler:DirectoryHandler
FontType:Invalid
OutlineFileName:D:\우현주\반응형\썬소프트\Font\fontawesome\js\solid.js
FileModTime:1594799988
%EndFont

%BeginFont
Handler:DirectoryHandler
FontType:Invalid
OutlineFileName:D:\우현주\반응형\썬소프트\Font\fontawesome\js\solid.min.js
FileModTime:1594799988
%EndFont

%BeginFont
Handler:DirectoryHandler
FontType:Invalid
OutlineFileName:D:\우현주\반응형\썬소프트\Font\fontawesome\js\v4-shims.js
FileModTime:1594799988
%EndFont

%BeginFont
Handler:DirectoryHandler
FontType:Invalid
OutlineFileName:D:\우현주\반응형\썬소프트\Font\fontawesome\js\v4-shims.min.js
FileModTime:1594799988
%EndFont

%BeginFont
Handler:DirectoryHandler
FontType:Invalid
OutlineFileName:D:\우현주\반응형\썬소프트\Font\fontawesome\css\all.css
FileModTime:1594799988
%EndFont

%BeginFont
Handler:DirectoryHandler
FontType:Invalid
OutlineFileName:D:\우현주\반응형\썬소프트\Font\fontawesome\css\all.min.css
FileModTime:1594799988
%EndFont

%BeginFont
Handler:DirectoryHandler
FontType:Invalid
OutlineFileName:D:\우현주\반응형\썬소프트\Font\fontawesome\css\brands.css
FileModTime:1594799988
%EndFont

%BeginFont
Handler:DirectoryHandler
FontType:Invalid
OutlineFileName:D:\우현주\반응형\썬소프트\Font\fontawesome\css\brands.min.css
FileModTime:1594799988
%EndFont

%BeginFont
Handler:DirectoryHandler
FontType:Invalid
OutlineFileName:D:\우현주\반응형\썬소프트\Font\fontawesome\css\fontawesome.css
FileModTime:1594799988
%EndFont

%BeginFont
Handler:DirectoryHandler
FontType:Invalid
OutlineFileName:D:\우현주\반응형\썬소프트\Font\fontawesome\css\fontawesome.min.css
FileModTime:1594799988
%EndFont

%BeginFont
Handler:DirectoryHandler
FontType:Invalid
OutlineFileName:D:\우현주\반응형\썬소프트\Font\fontawesome\css\regular.css
FileModTime:1594799988
%EndFont

%BeginFont
Handler:DirectoryHandler
FontType:Invalid
OutlineFileName:D:\우현주\반응형\썬소프트\Font\fontawesome\css\regular.min.css
FileModTime:1594799988
%EndFont

%BeginFont
Handler:DirectoryHandler
FontType:Invalid
OutlineFileName:D:\우현주\반응형\썬소프트\Font\fontawesome\css\solid.css
FileModTime:1594799988
%EndFont

%BeginFont
Handler:DirectoryHandler
FontType:Invalid
OutlineFileName:D:\우현주\반응형\썬소프트\Font\fontawesome\css\solid.min.css
FileModTime:1594799988
%EndFont

%BeginFont
Handler:DirectoryHandler
FontType:Invalid
OutlineFileName:D:\우현주\반응형\썬소프트\Font\fontawesome\css\svg-with-js.css
FileModTime:1594799988
%EndFont

%BeginFont
Handler:DirectoryHandler
FontType:Invalid
OutlineFileName:D:\우현주\반응형\썬소프트\Font\fontawesome\css\svg-with-js.min.css
FileModTime:1594799988
%EndFont

%BeginFont
Handler:DirectoryHandler
FontType:Invalid
OutlineFileName:D:\우현주\반응형\썬소프트\Font\fontawesome\css\v4-shims.css
FileModTime:1594799988
%EndFont

%BeginFont
Handler:DirectoryHandler
FontType:Invalid
OutlineFileName:D:\우현주\반응형\썬소프트\Font\fontawesome\css\v4-shims.min.css
FileModTime:1594799988
%EndFont

